{'url': 'https://blackknightgames.ca/products.json?limit=250&page=22', 'error': ClientResponseError(RequestInfo(url=URL('https://blackknightgames.ca/products.json?limit=250&page=22'), method='GET', headers=<CIMultiDictProxy('Host': 'blackknightgames.ca', 'Accept': '*/*', 'Accept-Encoding': 'gzip, deflate', 'User-Agent': 'Python/3.10 aiohttp/3.8.4')>, real_url=URL('https://blackknightgames.ca/products.json?limit=250&page=22')), (), status=430, headers=<CIMultiDictProxy('Date': 'Wed, 26 Jul 2023 17:29:52 GMT', 'Content-Type': 'text/html', 'Transfer-Encoding': 'chunked', 'Connection': 'keep-alive', 'X-Sorting-Hat-PodId': '132', 'X-Sorting-Hat-ShopId': '36206739589', 'X-Dc': 'gcp-us-east1', 'X-Request-ID': '11f6d933-67e8-47b2-88e6-79028282bd01', 'X-Content-Type-Options': 'nosniff', 'X-Download-Options': 'noopen', 'X-XSS-Protection': '1; mode=block', 'X-Permitted-Cross-Domain-Policies': 'none', 'CF-Cache-Status': 'DYNAMIC', 'Report-To': '{"endpoints":[{"url":"https:\\/\\/a.nel.cloudflare.com\\/report\\/v3?s=i6avL3b8mNqb0w%2FlXagnhDndByWFtgwtLBUFfK6rThZI8pflQb34JwznD%2Fb0Zx0Cs6zdgNG5KQpeKlrdrLuxaN%2FDx0Sm7fgMHLz%2FB44cL3TEOoE6bRdGDJag6%2FxQaNikK6sNxcE%3D"}],"group":"cf-nel","max_age":604800}', 'NEL': '{"success_fraction":0.01,"report_to":"cf-nel","max_age":604800}', 'Server-Timing': 'cfRequestDuration;dur=27.999878', 'Server': 'cloudflare', 'CF-RAY': '7ece5e093a3b2434-ATL', 'alt-svc': 'h3=":443"; ma=86400')>)}
{'url': 'https://ergames.ca/products.json?limit=250&page=17', 'error': ClientResponseError(RequestInfo(url=URL('https://ergames.ca/products.json?limit=250&page=17'), method='GET', headers=<CIMultiDictProxy('Host': 'ergames.ca', 'Accept': '*/*', 'Accept-Encoding': 'gzip, deflate', 'User-Agent': 'Python/3.10 aiohttp/3.8.4')>, real_url=URL('https://ergames.ca/products.json?limit=250&page=17')), (), status=430, headers=<CIMultiDictProxy('Date': 'Wed, 26 Jul 2023 17:29:56 GMT', 'Content-Type': 'text/html', 'Transfer-Encoding': 'chunked', 'Connection': 'keep-alive', 'X-Sorting-Hat-PodId': '283', 'X-Sorting-Hat-ShopId': '23524573231', 'X-Dc': 'gcp-us-east1', 'X-Request-ID': 'dd955a2e-fe7d-47b4-af0b-c462d81dc690', 'X-Download-Options': 'noopen', 'X-XSS-Protection': '1; mode=block', 'X-Permitted-Cross-Domain-Policies': 'none', 'X-Content-Type-Options': 'nosniff', 'CF-Cache-Status': 'DYNAMIC', 'Report-To': '{"endpoints":[{"url":"https:\\/\\/a.nel.cloudflare.com\\/report\\/v3?s=VqV%2Bc7cWTHtFFgz3O5tgA3cNZz3n8pL8hYuz%2BJ2hizLZjE5%2FNolpb7L%2Br2gvbsUUP1jg7iKQZQJMnEkHkQOZ4f6Cq6l2D6WIdO2nPGCQh0mvrLYjXOOJbzbcX5k%3D"}],"group":"cf-nel","max_age":604800}', 'NEL': '{"success_fraction":0.01,"report_to":"cf-nel","max_age":604800}', 'Server-Timing': 'cfRequestDuration;dur=20.999908', 'Server': 'cloudflare', 'CF-RAY': '7ece5e1d9fbf2434-ATL', 'alt-svc': 'h3=":443"; ma=86400')>)}
{'url': 'https://gameknight.ca/products.json?limit=250&page=26', 'error': ClientResponseError(RequestInfo(url=URL('https://gameknight.ca/products.json?limit=250&page=26'), method='GET', headers=<CIMultiDictProxy('Host': 'gameknight.ca', 'Accept': '*/*', 'Accept-Encoding': 'gzip, deflate', 'User-Agent': 'Python/3.10 aiohttp/3.8.4')>, real_url=URL('https://gameknight.ca/products.json?limit=250&page=26')), (), status=430, headers=<CIMultiDictProxy('Date': 'Wed, 26 Jul 2023 17:29:57 GMT', 'Content-Type': 'text/html', 'Transfer-Encoding': 'chunked', 'Connection': 'keep-alive', 'X-Sorting-Hat-PodId': '43', 'X-Sorting-Hat-ShopId': '36782047276', 'X-Dc': 'gcp-us-east1', 'X-Request-ID': 'b25641e2-d760-4c93-a541-a15ea68076ce', 'X-Content-Type-Options': 'nosniff', 'X-Download-Options': 'noopen', 'X-XSS-Protection': '1; mode=block', 'X-Permitted-Cross-Domain-Policies': 'none', 'CF-Cache-Status': 'DYNAMIC', 'Report-To': '{"endpoints":[{"url":"https:\\/\\/a.nel.cloudflare.com\\/report\\/v3?s=tsSShq96biQgO1Mp8Ae3uW2sE9thmS60rfBXMQKb76q0c2W6a8fNHobUdTm4gA8v7uOhQgkudCGO5XBmGeypRP1tCoKlPN4O4BwygJQn2R8qjJkHTNYmJAAafmnr%2Brw%3D"}],"group":"cf-nel","max_age":604800}', 'NEL': '{"success_fraction":0.01,"report_to":"cf-nel","max_age":604800}', 'Server-Timing': 'cfRequestDuration;dur=26.999950', 'Server': 'cloudflare', 'CF-RAY': '7ece5e24cabf1d64-ATL', 'alt-svc': 'h3=":443"; ma=86400')>)}
{'url': 'https://vortexgames.ca/products.json?limit=250&page=25', 'error': ClientResponseError(RequestInfo(url=URL('https://vortexgames.ca/products.json?limit=250&page=25'), method='GET', headers=<CIMultiDictProxy('Host': 'vortexgames.ca', 'Accept': '*/*', 'Accept-Encoding': 'gzip, deflate', 'User-Agent': 'Python/3.10 aiohttp/3.8.4')>, real_url=URL('https://vortexgames.ca/products.json?limit=250&page=25')), (), status=430, headers=<CIMultiDictProxy('Date': 'Wed, 26 Jul 2023 17:29:57 GMT', 'Content-Type': 'text/html', 'Transfer-Encoding': 'chunked', 'Connection': 'keep-alive', 'X-Sorting-Hat-PodId': '43', 'X-Sorting-Hat-ShopId': '26744356908', 'X-Dc': 'gcp-us-east1', 'X-Request-ID': '0a9a28bf-a200-4825-8a03-5611681762c4', 'X-Download-Options': 'noopen', 'X-XSS-Protection': '1; mode=block', 'X-Permitted-Cross-Domain-Policies': 'none', 'X-Content-Type-Options': 'nosniff', 'CF-Cache-Status': 'DYNAMIC', 'Report-To': '{"endpoints":[{"url":"https:\\/\\/a.nel.cloudflare.com\\/report\\/v3?s=X0bJU91kbPTyqC5Aw0%2FUsZyStSfn50i9%2Fj5Fej99%2FFYIvuMaAN4Dd9Yc0EnPbO78wjYjUe994ZZ9nEgC7CMUMYjqq2SOuvkeiXc9ifioXI0FAffZPIgd8kmTqj7uQZlX"}],"group":"cf-nel","max_age":604800}', 'NEL': '{"success_fraction":0.01,"report_to":"cf-nel","max_age":604800}', 'Server-Timing': 'cfRequestDuration;dur=23.999929', 'Server': 'cloudflare', 'CF-RAY': '7ece5e268ba4b178-ATL', 'alt-svc': 'h3=":443"; ma=86400')>)}
{'url': 'https://skyfoxgames.com/products.json?limit=250&page=16', 'error': ClientResponseError(RequestInfo(url=URL('https://skyfoxgames.com/products.json?limit=250&page=16'), method='GET', headers=<CIMultiDictProxy('Host': 'skyfoxgames.com', 'Accept': '*/*', 'Accept-Encoding': 'gzip, deflate', 'User-Agent': 'Python/3.10 aiohttp/3.8.4')>, real_url=URL('https://skyfoxgames.com/products.json?limit=250&page=16')), (), status=430, headers=<CIMultiDictProxy('Date': 'Wed, 26 Jul 2023 17:30:01 GMT', 'Content-Type': 'text/html', 'Transfer-Encoding': 'chunked', 'Connection': 'keep-alive', 'X-Sorting-Hat-PodId': '306', 'X-Sorting-Hat-ShopId': '11984500', 'X-Dc': 'gcp-us-east1', 'X-Request-ID': '4c9af32f-a23c-49cb-b8f5-995c5ecce226', 'X-Download-Options': 'noopen', 'X-XSS-Protection': '1; mode=block', 'X-Permitted-Cross-Domain-Policies': 'none', 'X-Content-Type-Options': 'nosniff', 'CF-Cache-Status': 'DYNAMIC', 'Report-To': '{"endpoints":[{"url":"https:\\/\\/a.nel.cloudflare.com\\/report\\/v3?s=Y5l7MyulQoyBTLnaW0hnxwUUU52uCgN1RJ6KJZ4%2BdO1NdyT6PMHuw4v2PbQgaK8gTs4Bz0FfEWwsuEOhoF0UhXrcnn87UgkGKo8J4C%2B5eJGaTzzDwhqucCn024kEWvqh3g%3D%3D"}],"group":"cf-nel","max_age":604800}', 'NEL': '{"success_fraction":0.01,"report_to":"cf-nel","max_age":604800}', 'Server-Timing': 'cfRequestDuration;dur=24.999857', 'Server': 'cloudflare', 'CF-RAY': '7ece5e412bdf12ed-ATL', 'alt-svc': 'h3=":443"; ma=86400')>)}
{'url': 'https://tapsgames.com/products.json?limit=250&page=29', 'error': ClientResponseError(RequestInfo(url=URL('https://tapsgames.com/products.json?limit=250&page=29'), method='GET', headers=<CIMultiDictProxy('Host': 'tapsgames.com', 'Accept': '*/*', 'Accept-Encoding': 'gzip, deflate', 'User-Agent': 'Python/3.10 aiohttp/3.8.4')>, real_url=URL('https://tapsgames.com/products.json?limit=250&page=29')), (), status=430, headers=<CIMultiDictProxy('Date': 'Wed, 26 Jul 2023 17:30:02 GMT', 'Content-Type': 'text/html', 'Transfer-Encoding': 'chunked', 'Connection': 'keep-alive', 'X-Sorting-Hat-PodId': '196', 'X-Sorting-Hat-ShopId': '55669620933', 'X-Dc': 'gcp-us-east1', 'X-Request-ID': '5ac6cb02-161b-4f71-bbb7-0348618665ef', 'X-Content-Type-Options': 'nosniff', 'X-Download-Options': 'noopen', 'X-XSS-Protection': '1; mode=block', 'X-Permitted-Cross-Domain-Policies': 'none', 'CF-Cache-Status': 'DYNAMIC', 'Report-To': '{"endpoints":[{"url":"https:\\/\\/a.nel.cloudflare.com\\/report\\/v3?s=Y15exlZcgypoh4hrR86QXNwfFc8Of2Ie00tu5zPqoPWZbI1VW3X7W26OSKqNJfOApDkxB4cM9bbsAET8pSlSI4OD7rMUOiVuDoaDgEKXWPUdr7qWcgpa%2Bp%2B51xwdAVE%3D"}],"group":"cf-nel","max_age":604800}', 'NEL': '{"success_fraction":0.01,"report_to":"cf-nel","max_age":604800}', 'Server-Timing': 'cfRequestDuration;dur=25.000095', 'Server': 'cloudflare', 'CF-RAY': '7ece5e43dcc14593-ATL', 'alt-svc': 'h3=":443"; ma=86400')>)}
{'url': 'https://cryptmtg.com/products.json?limit=250&page=26', 'error': ClientResponseError(RequestInfo(url=URL('https://cryptmtg.com/products.json?limit=250&page=26'), method='GET', headers=<CIMultiDictProxy('Host': 'cryptmtg.com', 'Accept': '*/*', 'Accept-Encoding': 'gzip, deflate', 'User-Agent': 'Python/3.10 aiohttp/3.8.4')>, real_url=URL('https://cryptmtg.com/products.json?limit=250&page=26')), (), status=430, headers=<CIMultiDictProxy('Date': 'Wed, 26 Jul 2023 17:30:02 GMT', 'Content-Type': 'text/html', 'Transfer-Encoding': 'chunked', 'Connection': 'keep-alive', 'X-Sorting-Hat-PodId': '193', 'X-Sorting-Hat-ShopId': '30455201930', 'X-Dc': 'gcp-us-east1', 'X-Request-ID': '5f02c2df-5835-496a-981d-0d2b9c7d494d', 'X-XSS-Protection': '1; mode=block', 'X-Download-Options': 'noopen', 'X-Content-Type-Options': 'nosniff', 'X-Permitted-Cross-Domain-Policies': 'none', 'CF-Cache-Status': 'DYNAMIC', 'Report-To': '{"endpoints":[{"url":"https:\\/\\/a.nel.cloudflare.com\\/report\\/v3?s=7DId%2FbxWpgfvZaRl9NAEgDwISd8ch3cJInRRCTMoMwtqnWp5rKHnbulX8%2BVcmWM5hI1ap%2FFa%2FKTPmB%2FUjsh%2F2tZbv5Oqo5dYJ2GShvJhw3rnfalZVr0lLNoaO2dg8Q%3D%3D"}],"group":"cf-nel","max_age":604800}', 'NEL': '{"success_fraction":0.01,"report_to":"cf-nel","max_age":604800}', 'Server-Timing': 'cfRequestDuration;dur=24.999857', 'Server': 'cloudflare', 'CF-RAY': '7ece5e45bb57457b-ATL', 'alt-svc': 'h3=":443"; ma=86400')>)}
{'url': 'https://www.pandorasboox.ca/products.json?limit=250&page=17', 'error': ClientResponseError(RequestInfo(url=URL('https://www.pandorasboox.ca/products.json?limit=250&page=17'), method='GET', headers=<CIMultiDictProxy('Host': 'www.pandorasboox.ca', 'Accept': '*/*', 'Accept-Encoding': 'gzip, deflate', 'User-Agent': 'Python/3.10 aiohttp/3.8.4')>, real_url=URL('https://www.pandorasboox.ca/products.json?limit=250&page=17')), (), status=430, headers=<CIMultiDictProxy('Date': 'Wed, 26 Jul 2023 17:30:02 GMT', 'Content-Type': 'text/html', 'Transfer-Encoding': 'chunked', 'Connection': 'keep-alive', 'X-Sorting-Hat-PodId': '319', 'X-Sorting-Hat-ShopId': '31679152173', 'X-Dc': 'gcp-us-east1', 'X-Request-ID': 'b304f937-8942-46af-8a6b-1c2062d7093f', 'X-Content-Type-Options': 'nosniff', 'X-Download-Options': 'noopen', 'X-XSS-Protection': '1; mode=block', 'X-Permitted-Cross-Domain-Policies': 'none', 'CF-Cache-Status': 'DYNAMIC', 'Report-To': '{"endpoints":[{"url":"https:\\/\\/a.nel.cloudflare.com\\/report\\/v3?s=uJhJPxPCRj%2FygHbFZBr%2FFaWq1FTawKMKcEK6Eh507T3tAQMmxQIaW2LCK45h2E3Ygd8t%2B6cK0LZJClGBVQCT9ROQ0t%2Fq%2FVMQS1rN2VuwQ%2FqF3hqkMs8IWrEXFW7nSIyCUBvG2CU%3D"}],"group":"cf-nel","max_age":604800}', 'NEL': '{"success_fraction":0.01,"report_to":"cf-nel","max_age":604800}', 'Server-Timing': 'cfRequestDuration;dur=27.999878', 'Server': 'cloudflare', 'CF-RAY': '7ece5e45cba912da-ATL', 'alt-svc': 'h3=":443"; ma=86400')>)}
{'url': 'https://www.abyssgamestore.com/products.json?limit=250&page=24', 'error': ClientResponseError(RequestInfo(url=URL('https://www.abyssgamestore.com/products.json?limit=250&page=24'), method='GET', headers=<CIMultiDictProxy('Host': 'www.abyssgamestore.com', 'Accept': '*/*', 'Accept-Encoding': 'gzip, deflate', 'User-Agent': 'Python/3.10 aiohttp/3.8.4')>, real_url=URL('https://www.abyssgamestore.com/products.json?limit=250&page=24')), (), status=430, headers=<CIMultiDictProxy('Date': 'Wed, 26 Jul 2023 17:30:03 GMT', 'Content-Type': 'text/html', 'Transfer-Encoding': 'chunked', 'Connection': 'keep-alive', 'X-Sorting-Hat-PodId': '58', 'X-Sorting-Hat-ShopId': '26690814011', 'X-Dc': 'gcp-us-east1', 'X-Request-ID': '034d12b5-8783-440a-bd79-4ee1c3ed4227', 'X-Download-Options': 'noopen', 'X-Content-Type-Options': 'nosniff', 'X-Permitted-Cross-Domain-Policies': 'none', 'X-XSS-Protection': '1; mode=block', 'CF-Cache-Status': 'DYNAMIC', 'Report-To': '{"endpoints":[{"url":"https:\\/\\/a.nel.cloudflare.com\\/report\\/v3?s=6a9uH%2BD3cbhubSFRG4majpJMVjiVZyHgp%2B7BgM7URE9H5B4nZypyhqHxqbakyMs5kTkNmR9S59By73gok3U85yWKD5zTLKrSGGdOw5dZPF9Tq7nkL0JPymq3gpK0WfaFukhXXba3jmg%3D"}],"group":"cf-nel","max_age":604800}', 'NEL': '{"success_fraction":0.01,"report_to":"cf-nel","max_age":604800}', 'Server-Timing': 'cfRequestDuration;dur=22.000074', 'Server': 'cloudflare', 'CF-RAY': '7ece5e48ace6ad94-ATL', 'alt-svc': 'h3=":443"; ma=86400')>)}
{'url': 'https://store.401games.ca/products.json?limit=250&page=23', 'error': ClientResponseError(RequestInfo(url=URL('https://store.401games.ca/products.json?limit=250&page=23'), method='GET', headers=<CIMultiDictProxy('Host': 'store.401games.ca', 'Accept': '*/*', 'Accept-Encoding': 'gzip, deflate', 'User-Agent': 'Python/3.10 aiohttp/3.8.4')>, real_url=URL('https://store.401games.ca/products.json?limit=250&page=23')), (), status=430, headers=<CIMultiDictProxy('Date': 'Wed, 26 Jul 2023 17:30:03 GMT', 'Content-Type': 'text/html', 'Transfer-Encoding': 'chunked', 'Connection': 'keep-alive', 'X-Sorting-Hat-PodId': '186', 'X-Sorting-Hat-ShopId': '17041809', 'X-Dc': 'gcp-us-east1', 'X-Request-ID': '587c06e2-d15b-41b5-ba16-f477c3612126', 'X-XSS-Protection': '1; mode=block', 'X-Download-Options': 'noopen', 'X-Content-Type-Options': 'nosniff', 'X-Permitted-Cross-Domain-Policies': 'none', 'CF-Cache-Status': 'DYNAMIC', 'Report-To': '{"endpoints":[{"url":"https:\\/\\/a.nel.cloudflare.com\\/report\\/v3?s=ILh7QfD%2Bjme407ZkxBoTdrv4dJISzjNQNQciMietEdYDLUjlLbOH1Ldmlum0KHV4AG2rB%2BszsPjprJFGnEkEJVDrb8j7MBe191oVw5QsziJMQWK4Y7cWIXEzi8zxUxBxNuhF"}],"group":"cf-nel","max_age":604800}', 'NEL': '{"success_fraction":0.01,"report_to":"cf-nel","max_age":604800}', 'Server-Timing': 'cfRequestDuration;dur=23.000002', 'Server': 'cloudflare', 'CF-RAY': '7ece5e48a990451d-ATL', 'alt-svc': 'h3=":443"; ma=86400')>)}
{'url': 'https://silvergoblin.cards/products.json?limit=250&page=29', 'error': ClientResponseError(RequestInfo(url=URL('https://silvergoblin.cards/products.json?limit=250&page=29'), method='GET', headers=<CIMultiDictProxy('Host': 'silvergoblin.cards', 'Accept': '*/*', 'Accept-Encoding': 'gzip, deflate', 'User-Agent': 'Python/3.10 aiohttp/3.8.4')>, real_url=URL('https://silvergoblin.cards/products.json?limit=250&page=29')), (), status=430, headers=<CIMultiDictProxy('Date': 'Wed, 26 Jul 2023 17:30:03 GMT', 'Content-Type': 'text/html', 'Transfer-Encoding': 'chunked', 'Connection': 'keep-alive', 'X-Sorting-Hat-PodId': '175', 'X-Sorting-Hat-ShopId': '52198244528', 'X-Dc': 'gcp-us-east1', 'X-Request-ID': 'a8f73529-9152-4b38-9a6e-175b4c37a67a', 'X-Download-Options': 'noopen', 'X-XSS-Protection': '1; mode=block', 'X-Permitted-Cross-Domain-Policies': 'none', 'X-Content-Type-Options': 'nosniff', 'CF-Cache-Status': 'DYNAMIC', 'Report-To': '{"endpoints":[{"url":"https:\\/\\/a.nel.cloudflare.com\\/report\\/v3?s=VWhfy0hqYb2ZqiKNp1wx0MSUdVTnGWpEmTUGd9XDZcAbWGadmn4bb5ZELCmW8osw4eiD7BNkycOyZAyGYKugibaGC9X5V1EO46aCvtyHlKasYYSDp4ET6lhUoijcxYFT0XsdCQ%3D%3D"}],"group":"cf-nel","max_age":604800}', 'NEL': '{"success_fraction":0.01,"report_to":"cf-nel","max_age":604800}', 'Server-Timing': 'cfRequestDuration;dur=25.999784', 'Server': 'cloudflare', 'CF-RAY': '7ece5e4d0e184546-ATL', 'alt-svc': 'h3=":443"; ma=86400')>)}
{'url': 'https://exorgames.com/products.json?limit=250&page=24', 'error': ClientResponseError(RequestInfo(url=URL('https://exorgames.com/products.json?limit=250&page=24'), method='GET', headers=<CIMultiDictProxy('Host': 'exorgames.com', 'Accept': '*/*', 'Accept-Encoding': 'gzip, deflate', 'User-Agent': 'Python/3.10 aiohttp/3.8.4')>, real_url=URL('https://exorgames.com/products.json?limit=250&page=24')), (), status=430, headers=<CIMultiDictProxy('Date': 'Wed, 26 Jul 2023 17:30:04 GMT', 'Content-Type': 'text/html', 'Transfer-Encoding': 'chunked', 'Connection': 'keep-alive', 'X-Sorting-Hat-PodId': '172', 'X-Sorting-Hat-ShopId': '46730838169', 'X-Dc': 'gcp-us-east1', 'X-Request-ID': '2d7dd899-8e5a-43b3-b026-bbc5e268eb55', 'X-XSS-Protection': '1; mode=block', 'X-Download-Options': 'noopen', 'X-Content-Type-Options': 'nosniff', 'X-Permitted-Cross-Domain-Policies': 'none', 'CF-Cache-Status': 'DYNAMIC', 'Report-To': '{"endpoints":[{"url":"https:\\/\\/a.nel.cloudflare.com\\/report\\/v3?s=Si%2BT4TTcEak9VvvRskvWBJWn4QKMkFdyuoce2tAGtb0oN%2BLqGQuSTRg4J8IwunAke28DyL64tlB9IxioFvxiUAMewifA9lqIRlcRt9mSx0fIt8JcBY%2BWcwQJYuqmpYg%3D"}],"group":"cf-nel","max_age":604800}', 'NEL': '{"success_fraction":0.01,"report_to":"cf-nel","max_age":604800}', 'Server-Timing': 'cfRequestDuration;dur=20.999908', 'Server': 'cloudflare', 'CF-RAY': '7ece5e533e02458a-ATL', 'alt-svc': 'h3=":443"; ma=86400')>)}
{'url': 'https://houseofcards.ca/products.json?limit=250&page=22', 'error': ClientResponseError(RequestInfo(url=URL('https://houseofcards.ca/products.json?limit=250&page=22'), method='GET', headers=<CIMultiDictProxy('Host': 'houseofcards.ca', 'Accept': '*/*', 'Accept-Encoding': 'gzip, deflate', 'User-Agent': 'Python/3.10 aiohttp/3.8.4')>, real_url=URL('https://houseofcards.ca/products.json?limit=250&page=22')), (), status=430, headers=<CIMultiDictProxy('Date': 'Wed, 26 Jul 2023 17:30:05 GMT', 'Content-Type': 'text/html', 'Transfer-Encoding': 'chunked', 'Connection': 'keep-alive', 'X-Sorting-Hat-PodId': '185', 'X-Sorting-Hat-ShopId': '56741789882', 'X-Dc': 'gcp-us-east1', 'X-Request-ID': 'ae70cb27-977c-41b7-81e9-8bb65afaf637', 'X-Content-Type-Options': 'nosniff', 'X-Download-Options': 'noopen', 'X-XSS-Protection': '1; mode=block', 'X-Permitted-Cross-Domain-Policies': 'none', 'CF-Cache-Status': 'DYNAMIC', 'Report-To': '{"endpoints":[{"url":"https:\\/\\/a.nel.cloudflare.com\\/report\\/v3?s=R9chJ1mPSfzAXC6xDbGOtnmrJ88HY%2BPuNZxo2%2Bv7AIXqkx0p7qhAjMa91huyxwPQ1vmbcEWq6VU4CxtxMuUSHwqGdty4Wt8FCJafBNzeDIGx7BIs4lzzPjHSiXUWDjBCHQ%3D%3D"}],"group":"cf-nel","max_age":604800}', 'NEL': '{"success_fraction":0.01,"report_to":"cf-nel","max_age":604800}', 'Server-Timing': 'cfRequestDuration;dur=22.999763', 'Server': 'cloudflare', 'CF-RAY': '7ece5e5a4fd0455e-ATL', 'alt-svc': 'h3=":443"; ma=86400')>)}
{'url': 'https://outoftheboxtcg.com/products.json?limit=250&page=22', 'error': ClientResponseError(RequestInfo(url=URL('https://outoftheboxtcg.com/products.json?limit=250&page=22'), method='GET', headers=<CIMultiDictProxy('Host': 'outoftheboxtcg.com', 'Accept': '*/*', 'Accept-Encoding': 'gzip, deflate', 'User-Agent': 'Python/3.10 aiohttp/3.8.4')>, real_url=URL('https://outoftheboxtcg.com/products.json?limit=250&page=22')), (), status=430, headers=<CIMultiDictProxy('Date': 'Wed, 26 Jul 2023 17:30:07 GMT', 'Content-Type': 'text/html', 'Transfer-Encoding': 'chunked', 'Connection': 'keep-alive', 'X-Sorting-Hat-PodId': '320', 'X-Sorting-Hat-ShopId': '43542577302', 'X-Dc': 'gcp-us-east1', 'X-Request-ID': 'a2135c81-31b0-4ebd-873f-797b583d40d8', 'X-XSS-Protection': '1; mode=block', 'X-Download-Options': 'noopen', 'X-Content-Type-Options': 'nosniff', 'X-Permitted-Cross-Domain-Policies': 'none', 'CF-Cache-Status': 'DYNAMIC', 'Report-To': '{"endpoints":[{"url":"https:\\/\\/a.nel.cloudflare.com\\/report\\/v3?s=ScP2njhwlzQ%2FfdWVLItcVzbkNtxgW6IKBhUWvlabvb65QS5%2FFvwK%2Fccyu1DTCZwPKOeU2rmXcFYwiXkMpf870lQvpnhVcVQL1G%2B09a7jaTv0rWF1ehIsfqeIPQMeU63yAfi5DA%3D%3D"}],"group":"cf-nel","max_age":604800}', 'NEL': '{"success_fraction":0.01,"report_to":"cf-nel","max_age":604800}', 'Server-Timing': 'cfRequestDuration;dur=34.999847', 'Server': 'cloudflare', 'CF-RAY': '7ece5e633ee144e8-ATL', 'alt-svc': 'h3=":443"; ma=86400')>)}
{'url': 'https://omggames.ca/products.json?limit=250&page=27', 'error': ClientResponseError(RequestInfo(url=URL('https://omggames.ca/products.json?limit=250&page=27'), method='GET', headers=<CIMultiDictProxy('Host': 'omggames.ca', 'Accept': '*/*', 'Accept-Encoding': 'gzip, deflate', 'User-Agent': 'Python/3.10 aiohttp/3.8.4')>, real_url=URL('https://omggames.ca/products.json?limit=250&page=27')), (), status=430, headers=<CIMultiDictProxy('Date': 'Wed, 26 Jul 2023 17:30:08 GMT', 'Content-Type': 'text/html', 'Transfer-Encoding': 'chunked', 'Connection': 'keep-alive', 'X-Sorting-Hat-PodId': '167', 'X-Sorting-Hat-ShopId': '27111063645', 'X-Dc': 'gcp-us-east1', 'X-Request-ID': '36c31682-aa87-43a2-a61c-a171281222da', 'X-Download-Options': 'noopen', 'X-Content-Type-Options': 'nosniff', 'X-Permitted-Cross-Domain-Policies': 'none', 'X-XSS-Protection': '1; mode=block', 'CF-Cache-Status': 'DYNAMIC', 'Report-To': '{"endpoints":[{"url":"https:\\/\\/a.nel.cloudflare.com\\/report\\/v3?s=0Nn4McDSeftBnemxtUdJVF537paU88rT6ahTk3sZ2QLVz%2BxdneQpKLqNtTirc6oqEfdsFGEfgtPn6WPsnKm3bxrTt%2BmoNb9%2F7aO3O6JV7kctGtW3FTtZm%2BO9%2Ff64"}],"group":"cf-nel","max_age":604800}', 'NEL': '{"success_fraction":0.01,"report_to":"cf-nel","max_age":604800}', 'Server-Timing': 'cfRequestDuration;dur=26.999950', 'Server': 'cloudflare', 'CF-RAY': '7ece5e6b5e230d0a-ATL', 'alt-svc': 'h3=":443"; ma=86400')>)}
{'url': 'https://northofexilegames.com/products.json?limit=250&page=24', 'error': ClientResponseError(RequestInfo(url=URL('https://northofexilegames.com/products.json?limit=250&page=24'), method='GET', headers=<CIMultiDictProxy('Host': 'northofexilegames.com', 'Accept': '*/*', 'Accept-Encoding': 'gzip, deflate', 'User-Agent': 'Python/3.10 aiohttp/3.8.4')>, real_url=URL('https://northofexilegames.com/products.json?limit=250&page=24')), (), status=430, headers=<CIMultiDictProxy('Date': 'Wed, 26 Jul 2023 17:30:09 GMT', 'Content-Type': 'text/html', 'Transfer-Encoding': 'chunked', 'Connection': 'keep-alive', 'X-Sorting-Hat-PodId': '159', 'X-Sorting-Hat-ShopId': '26736263212', 'X-Dc': 'gcp-us-east1', 'X-Request-ID': '31b2a551-d847-46bc-99f6-838834e490e7', 'X-Download-Options': 'noopen', 'X-Content-Type-Options': 'nosniff', 'X-Permitted-Cross-Domain-Policies': 'none', 'X-XSS-Protection': '1; mode=block', 'CF-Cache-Status': 'DYNAMIC', 'Report-To': '{"endpoints":[{"url":"https:\\/\\/a.nel.cloudflare.com\\/report\\/v3?s=DKmFLcrPWAwhDw%2FlcfLETjncrGUIXRlWMy3f1Co3O%2F98oQGNNXZzPudf07Nko9sNolJDbb%2F4frvgx7ca%2FWEOfDXf8DCzXpbwgx7OIcZkRBn2lvELIg0sKsoqSpnP1isKAdAPLaSS6A%3D%3D"}],"group":"cf-nel","max_age":604800}', 'NEL': '{"success_fraction":0.01,"report_to":"cf-nel","max_age":604800}', 'Server-Timing': 'cfRequestDuration;dur=29.000044', 'Server': 'cloudflare', 'CF-RAY': '7ece5e6e8907b124-ATL', 'alt-svc': 'h3=":443"; ma=86400')>)}
{'url': 'https://chimeragamingonline.com/products.json?limit=250&page=24', 'error': ClientResponseError(RequestInfo(url=URL('https://chimeragamingonline.com/products.json?limit=250&page=24'), method='GET', headers=<CIMultiDictProxy('Host': 'chimeragamingonline.com', 'Accept': '*/*', 'Accept-Encoding': 'gzip, deflate', 'User-Agent': 'Python/3.10 aiohttp/3.8.4')>, real_url=URL('https://chimeragamingonline.com/products.json?limit=250&page=24')), (), status=430, headers=<CIMultiDictProxy('Date': 'Wed, 26 Jul 2023 17:30:09 GMT', 'Content-Type': 'text/html', 'Transfer-Encoding': 'chunked', 'Connection': 'keep-alive', 'X-Sorting-Hat-PodId': '148', 'X-Sorting-Hat-ShopId': '13124632640', 'X-Dc': 'gcp-us-east1', 'X-Request-ID': 'cd8e261f-3ba8-42f3-ae00-b7c7d5fd0b36', 'X-XSS-Protection': '1; mode=block', 'X-Download-Options': 'noopen', 'X-Content-Type-Options': 'nosniff', 'X-Permitted-Cross-Domain-Policies': 'none', 'CF-Cache-Status': 'DYNAMIC', 'Report-To': '{"endpoints":[{"url":"https:\\/\\/a.nel.cloudflare.com\\/report\\/v3?s=ctW%2BYc4ateAtpSxR68RF9%2BQeyMx9BnsCI67vdAKjvl66bNUse9f4PQ9cEPYFwLt%2FuVytcgMTSP6foZCWlAQWHieUs%2BC0C5yBl3Ut7BG%2Fs44FF7jXflCTj2fjaFX06%2B1%2BBqJd287Bh9p5"}],"group":"cf-nel","max_age":604800}', 'NEL': '{"success_fraction":0.01,"report_to":"cf-nel","max_age":604800}', 'Server-Timing': 'cfRequestDuration;dur=25.000095', 'Server': 'cloudflare', 'CF-RAY': '7ece5e6f1869452b-ATL', 'alt-svc': 'h3=":443"; ma=86400')>)}
{'url': 'https://kesselrungames.ca/products.json?limit=250&page=21', 'error': ClientResponseError(RequestInfo(url=URL('https://kesselrungames.ca/products.json?limit=250&page=21'), method='GET', headers=<CIMultiDictProxy('Host': 'kesselrungames.ca', 'Accept': '*/*', 'Accept-Encoding': 'gzip, deflate', 'User-Agent': 'Python/3.10 aiohttp/3.8.4')>, real_url=URL('https://kesselrungames.ca/products.json?limit=250&page=21')), (), status=430, headers=<CIMultiDictProxy('Date': 'Wed, 26 Jul 2023 17:30:09 GMT', 'Content-Type': 'text/html', 'Transfer-Encoding': 'chunked', 'Connection': 'keep-alive', 'X-Sorting-Hat-PodId': '161', 'X-Sorting-Hat-ShopId': '10029498432', 'X-Dc': 'gcp-us-east1', 'X-Request-ID': '6b1cb4cc-e893-480d-bc9f-dbbdc70b1ec2', 'X-XSS-Protection': '1; mode=block', 'X-Download-Options': 'noopen', 'X-Content-Type-Options': 'nosniff', 'X-Permitted-Cross-Domain-Policies': 'none', 'CF-Cache-Status': 'DYNAMIC', 'Report-To': '{"endpoints":[{"url":"https:\\/\\/a.nel.cloudflare.com\\/report\\/v3?s=j7Z9P3aRCb1LnCMdx%2FHE1mcvPfvwBNdkbn9m5nMarypEDfIcGrSpR88Vts0HdMFbuTYCIJp5%2Ftx%2F8Iq56Wxwu0MesHaUgPeX4r27YOfB8OG%2Fdu4ECwXnARPFxfae6h5SmZxX"}],"group":"cf-nel","max_age":604800}', 'NEL': '{"success_fraction":0.01,"report_to":"cf-nel","max_age":604800}', 'Server-Timing': 'cfRequestDuration;dur=24.999857', 'Server': 'cloudflare', 'CF-RAY': '7ece5e6fe975458f-ATL', 'alt-svc': 'h3=":443"; ma=86400')>)}
{'url': 'https://hfxgames.com/products.json?limit=250&page=29', 'error': ClientResponseError(RequestInfo(url=URL('https://hfxgames.com/products.json?limit=250&page=29'), method='GET', headers=<CIMultiDictProxy('Host': 'hfxgames.com', 'Accept': '*/*', 'Accept-Encoding': 'gzip, deflate', 'User-Agent': 'Python/3.10 aiohttp/3.8.4')>, real_url=URL('https://hfxgames.com/products.json?limit=250&page=29')), (), status=430, headers=<CIMultiDictProxy('Date': 'Wed, 26 Jul 2023 17:30:09 GMT', 'Content-Type': 'text/html', 'Transfer-Encoding': 'chunked', 'Connection': 'keep-alive', 'X-Sorting-Hat-PodId': '162', 'X-Sorting-Hat-ShopId': '31655854215', 'X-Dc': 'gcp-us-east1', 'X-Request-ID': '42d9cc30-d972-466b-afe5-ad8a0a125306', 'X-Download-Options': 'noopen', 'X-XSS-Protection': '1; mode=block', 'X-Permitted-Cross-Domain-Policies': 'none', 'X-Content-Type-Options': 'nosniff', 'CF-Cache-Status': 'DYNAMIC', 'Report-To': '{"endpoints":[{"url":"https:\\/\\/a.nel.cloudflare.com\\/report\\/v3?s=LGgFrF2k3f9LK8qfChTFYzw1D6DekO%2FdfGz3x2P0Bmm6XESJGUP%2F3uHL4c%2FsHwS2oYjpp0Sfj1t7rmvbs%2BGJYurzhxjGJUZqh9AmYNXRPOI6J6RoOeF1aQlpQ05l6A%3D%3D"}],"group":"cf-nel","max_age":604800}', 'NEL': '{"success_fraction":0.01,"report_to":"cf-nel","max_age":604800}', 'Server-Timing': 'cfRequestDuration;dur=26.999950', 'Server': 'cloudflare', 'CF-RAY': '7ece5e714ce7b0dc-ATL', 'alt-svc': 'h3=":443"; ma=86400')>)}
{'url': 'https://gamezilla.ca/products.json?limit=250&page=19', 'error': ClientResponseError(RequestInfo(url=URL('https://gamezilla.ca/products.json?limit=250&page=19'), method='GET', headers=<CIMultiDictProxy('Host': 'gamezilla.ca', 'Accept': '*/*', 'Accept-Encoding': 'gzip, deflate', 'User-Agent': 'Python/3.10 aiohttp/3.8.4')>, real_url=URL('https://gamezilla.ca/products.json?limit=250&page=19')), (), status=430, headers=<CIMultiDictProxy('Date': 'Wed, 26 Jul 2023 17:30:11 GMT', 'Content-Type': 'text/html', 'Transfer-Encoding': 'chunked', 'Connection': 'keep-alive', 'X-Sorting-Hat-PodId': '208', 'X-Sorting-Hat-ShopId': '57063080145', 'X-Dc': 'gcp-us-east1', 'X-Request-ID': 'ef0811c2-8c11-4766-ab14-82a878adc8a3', 'X-Content-Type-Options': 'nosniff', 'X-Download-Options': 'noopen', 'X-XSS-Protection': '1; mode=block', 'X-Permitted-Cross-Domain-Policies': 'none', 'CF-Cache-Status': 'DYNAMIC', 'Report-To': '{"endpoints":[{"url":"https:\\/\\/a.nel.cloudflare.com\\/report\\/v3?s=3C7aQBde8f7LynElia4t6R%2BCdUAa4fJjXekfdbpdNKswwxusJzNSYZHSJT4W0t%2FqoPZC74olx2ub9FOeKZ0oyWuy%2BZkvWa2mlXf2TSdg%2BFWZfcTjRDhodscYl0XzlA%3D%3D"}],"group":"cf-nel","max_age":604800}', 'NEL': '{"success_fraction":0.01,"report_to":"cf-nel","max_age":604800}', 'Server-Timing': 'cfRequestDuration;dur=26.000023', 'Server': 'cloudflare', 'CF-RAY': '7ece5e7ccaa7acc1-ATL', 'alt-svc': 'h3=":443"; ma=86400')>)}
{'url': 'https://thetimevault.ca/products.json?limit=250&page=26', 'error': ClientResponseError(RequestInfo(url=URL('https://thetimevault.ca/products.json?limit=250&page=26'), method='GET', headers=<CIMultiDictProxy('Host': 'thetimevault.ca', 'Accept': '*/*', 'Accept-Encoding': 'gzip, deflate', 'User-Agent': 'Python/3.10 aiohttp/3.8.4')>, real_url=URL('https://thetimevault.ca/products.json?limit=250&page=26')), (), status=430, headers=<CIMultiDictProxy('Date': 'Wed, 26 Jul 2023 17:30:11 GMT', 'Content-Type': 'text/html', 'Transfer-Encoding': 'chunked', 'Connection': 'keep-alive', 'X-Sorting-Hat-PodId': '160', 'X-Sorting-Hat-ShopId': '51318915233', 'X-Dc': 'gcp-us-east1', 'X-Request-ID': '6ffee33d-86c4-4909-9d84-ad96f512c1c0', 'X-XSS-Protection': '1; mode=block', 'X-Download-Options': 'noopen', 'X-Content-Type-Options': 'nosniff', 'X-Permitted-Cross-Domain-Policies': 'none', 'CF-Cache-Status': 'DYNAMIC', 'Report-To': '{"endpoints":[{"url":"https:\\/\\/a.nel.cloudflare.com\\/report\\/v3?s=8QkJA%2BY4EupGsi9VEXJ%2BrxYQ4mGa0IN7yc2%2B37ZUoiFdRkFxCHYH8Sd9Cqwj4cEmjUJmZ0ZqcPMjHNzlBMn4Ib66sPoBJihcQsbzeSHPcDZ8agWEiF%2FKhRtg5%2FxNqHjV2w%3D%3D"}],"group":"cf-nel","max_age":604800}', 'NEL': '{"success_fraction":0.01,"report_to":"cf-nel","max_age":604800}', 'Server-Timing': 'cfRequestDuration;dur=25.999784', 'Server': 'cloudflare', 'CF-RAY': '7ece5e7dae31addb-ATL', 'alt-svc': 'h3=":443"; ma=86400')>)}
{'url': 'https://gamebreakers.ca/products.json?limit=250&page=26', 'error': ClientResponseError(RequestInfo(url=URL('https://gamebreakers.ca/products.json?limit=250&page=26'), method='GET', headers=<CIMultiDictProxy('Host': 'gamebreakers.ca', 'Accept': '*/*', 'Accept-Encoding': 'gzip, deflate', 'User-Agent': 'Python/3.10 aiohttp/3.8.4')>, real_url=URL('https://gamebreakers.ca/products.json?limit=250&page=26')), (), status=430, headers=<CIMultiDictProxy('Date': 'Wed, 26 Jul 2023 17:30:13 GMT', 'Content-Type': 'text/html', 'Transfer-Encoding': 'chunked', 'Connection': 'keep-alive', 'X-Sorting-Hat-PodId': '188', 'X-Sorting-Hat-ShopId': '61844095165', 'X-Dc': 'gcp-us-east1', 'X-Request-ID': 'e6e627c3-bafd-4b57-8c91-ad33b655f3c0', 'X-Download-Options': 'noopen', 'X-XSS-Protection': '1; mode=block', 'X-Permitted-Cross-Domain-Policies': 'none', 'X-Content-Type-Options': 'nosniff', 'CF-Cache-Status': 'DYNAMIC', 'Report-To': '{"endpoints":[{"url":"https:\\/\\/a.nel.cloudflare.com\\/report\\/v3?s=Adkx%2Br3X28cZ2yxtLaOf0fhSY6WXX%2BKcGyd2ySYZDckIxlJSbxof%2BBCNhlJzYP4afUyFPWfv%2BaSfhvzQ4yWDgmI7Psj%2BTwtheMS9hiVu1YJxaRq4vdV7MT2FEgHjJdQTHQ%3D%3D"}],"group":"cf-nel","max_age":604800}', 'NEL': '{"success_fraction":0.01,"report_to":"cf-nel","max_age":604800}', 'Server-Timing': 'cfRequestDuration;dur=26.000023', 'Server': 'cloudflare', 'CF-RAY': '7ece5e879dd5acfe-ATL', 'alt-svc': 'h3=":443"; ma=86400')>)}
{'url': 'https://hairyt.com/products.json?limit=250&page=19', 'error': ClientResponseError(RequestInfo(url=URL('https://hairyt.com/products.json?limit=250&page=19'), method='GET', headers=<CIMultiDictProxy('Host': 'hairyt.com', 'Accept': '*/*', 'Accept-Encoding': 'gzip, deflate', 'User-Agent': 'Python/3.10 aiohttp/3.8.4')>, real_url=URL('https://hairyt.com/products.json?limit=250&page=19')), (), status=430, headers=<CIMultiDictProxy('Date': 'Wed, 26 Jul 2023 17:30:13 GMT', 'Content-Type': 'text/html', 'Transfer-Encoding': 'chunked', 'Connection': 'keep-alive', 'X-Sorting-Hat-PodId': '204', 'X-Sorting-Hat-ShopId': '26695139533', 'X-Dc': 'gcp-us-east1', 'X-Request-ID': 'b1c9425a-eb4d-4bab-9385-38b876558098', 'X-XSS-Protection': '1; mode=block', 'X-Download-Options': 'noopen', 'X-Content-Type-Options': 'nosniff', 'X-Permitted-Cross-Domain-Policies': 'none', 'CF-Cache-Status': 'DYNAMIC', 'Report-To': '{"endpoints":[{"url":"https:\\/\\/a.nel.cloudflare.com\\/report\\/v3?s=LwuOesg4CBtjkzNByfc5EPB8qwCyEwSN7WfU519zZ5Q7i4dWVpTrk9D9z0J0Y2rxwRqIY%2B7nZN%2FQT3VEi1haTDjhn3J%2FFxVgTSWo45nSP4liKEb4SAVWUo9mJrI%3D"}],"group":"cf-nel","max_age":604800}', 'NEL': '{"success_fraction":0.01,"report_to":"cf-nel","max_age":604800}', 'Server-Timing': 'cfRequestDuration;dur=23.999929', 'Server': 'cloudflare', 'CF-RAY': '7ece5e8908cc4583-ATL', 'alt-svc': 'h3=":443"; ma=86400')>)}
{'url': 'https://themythicstore.com/products.json?limit=250&page=32', 'error': ClientResponseError(RequestInfo(url=URL('https://themythicstore.com/products.json?limit=250&page=32'), method='GET', headers=<CIMultiDictProxy('Host': 'themythicstore.com', 'Accept': '*/*', 'Accept-Encoding': 'gzip, deflate', 'User-Agent': 'Python/3.10 aiohttp/3.8.4')>, real_url=URL('https://themythicstore.com/products.json?limit=250&page=32')), (), status=430, headers=<CIMultiDictProxy('Date': 'Wed, 26 Jul 2023 17:30:13 GMT', 'Content-Type': 'text/html', 'Transfer-Encoding': 'chunked', 'Connection': 'keep-alive', 'X-Sorting-Hat-PodId': '159', 'X-Sorting-Hat-ShopId': '36068950061', 'X-Dc': 'gcp-us-east1', 'X-Request-ID': '17924fdf-bbba-420e-947a-e94b40d6f9b6', 'X-Content-Type-Options': 'nosniff', 'X-Download-Options': 'noopen', 'X-XSS-Protection': '1; mode=block', 'X-Permitted-Cross-Domain-Policies': 'none', 'CF-Cache-Status': 'DYNAMIC', 'Report-To': '{"endpoints":[{"url":"https:\\/\\/a.nel.cloudflare.com\\/report\\/v3?s=0mmvX%2FsGJTOwZrnFb7HjufOxCvcVui2OcpOgs94lLMFKCIQBGu1Nw%2FmQhQbpTVtLbhO1LzRbQRtT61bvxEBsj%2BiWEvqCrs8k5KmrhHMap6Z4RB9CSQFBFbt48Vb6UAUZPapBhA%3D%3D"}],"group":"cf-nel","max_age":604800}', 'NEL': '{"success_fraction":0.01,"report_to":"cf-nel","max_age":604800}', 'Server-Timing': 'cfRequestDuration;dur=23.999929', 'Server': 'cloudflare', 'CF-RAY': '7ece5e898e8606fa-ATL', 'alt-svc': 'h3=":443"; ma=86400')>)}
{'url': 'https://waypointgames.ca/products.json?limit=250&page=37', 'error': ClientResponseError(RequestInfo(url=URL('https://waypointgames.ca/products.json?limit=250&page=37'), method='GET', headers=<CIMultiDictProxy('Host': 'waypointgames.ca', 'Accept': '*/*', 'Accept-Encoding': 'gzip, deflate', 'User-Agent': 'Python/3.10 aiohttp/3.8.4')>, real_url=URL('https://waypointgames.ca/products.json?limit=250&page=37')), (), status=430, headers=<CIMultiDictProxy('Date': 'Wed, 26 Jul 2023 17:30:14 GMT', 'Content-Type': 'text/html', 'Transfer-Encoding': 'chunked', 'Connection': 'keep-alive', 'X-Sorting-Hat-PodId': '157', 'X-Sorting-Hat-ShopId': '32954417287', 'X-Dc': 'gcp-us-east1', 'X-Request-ID': '53de6329-3e61-46c9-ae6d-dad368d690ab', 'X-XSS-Protection': '1; mode=block', 'X-Download-Options': 'noopen', 'X-Content-Type-Options': 'nosniff', 'X-Permitted-Cross-Domain-Policies': 'none', 'CF-Cache-Status': 'DYNAMIC', 'Report-To': '{"endpoints":[{"url":"https:\\/\\/a.nel.cloudflare.com\\/report\\/v3?s=H71hijll%2Fhy8aXkAc91i3iH4Ew9ufKMie%2BJuO77Wo380s5b1LIpr2I4TjoodXpj95vBRldWSUoVlcpnminBaD7sLXvuT%2BwRVXfWyIqZdyKipfLuAzNPGCoPxMai4bdBbpp0%3D"}],"group":"cf-nel","max_age":604800}', 'NEL': '{"success_fraction":0.01,"report_to":"cf-nel","max_age":604800}', 'Server-Timing': 'cfRequestDuration;dur=23.999929', 'Server': 'cloudflare', 'CF-RAY': '7ece5e8f4c354509-ATL', 'alt-svc': 'h3=":443"; ma=86400')>)}
{'url': 'https://red-dragon.ca/products.json?limit=250&page=29', 'error': ClientResponseError(RequestInfo(url=URL('https://red-dragon.ca/products.json?limit=250&page=29'), method='GET', headers=<CIMultiDictProxy('Host': 'red-dragon.ca', 'Accept': '*/*', 'Accept-Encoding': 'gzip, deflate', 'User-Agent': 'Python/3.10 aiohttp/3.8.4')>, real_url=URL('https://red-dragon.ca/products.json?limit=250&page=29')), (), status=430, headers=<CIMultiDictProxy('Date': 'Wed, 26 Jul 2023 17:30:16 GMT', 'Content-Type': 'text/html', 'Transfer-Encoding': 'chunked', 'Connection': 'keep-alive', 'X-Sorting-Hat-PodId': '196', 'X-Sorting-Hat-ShopId': '53777924293', 'X-Dc': 'gcp-us-east1', 'X-Request-ID': '1145af12-a23d-4d10-b878-48112d158d41', 'X-Download-Options': 'noopen', 'X-Content-Type-Options': 'nosniff', 'X-Permitted-Cross-Domain-Policies': 'none', 'X-XSS-Protection': '1; mode=block', 'CF-Cache-Status': 'DYNAMIC', 'Report-To': '{"endpoints":[{"url":"https:\\/\\/a.nel.cloudflare.com\\/report\\/v3?s=0z4cOSOHwaXv3XRhBBtjyBXcefXkkZjIY6zKT2nUw68LqQPM51He%2BfX2haHMeeKeNj2bSnL9L%2FyKP2oukZqNtgkOgNxehT39ENGWm4JI%2BpQr9GcE5L6z1TXcvBE8gaU%3D"}],"group":"cf-nel","max_age":604800}', 'NEL': '{"success_fraction":0.01,"report_to":"cf-nel","max_age":604800}', 'Server-Timing': 'cfRequestDuration;dur=24.999857', 'Server': 'cloudflare', 'CF-RAY': '7ece5e9a1808adad-ATL', 'alt-svc': 'h3=":443"; ma=86400')>)}
{'url': 'https://www.nerdzcafe.com/products.json?limit=250&page=18', 'error': ClientResponseError(RequestInfo(url=URL('https://www.nerdzcafe.com/products.json?limit=250&page=18'), method='GET', headers=<CIMultiDictProxy('Host': 'www.nerdzcafe.com', 'Accept': '*/*', 'Accept-Encoding': 'gzip, deflate', 'User-Agent': 'Python/3.10 aiohttp/3.8.4')>, real_url=URL('https://www.nerdzcafe.com/products.json?limit=250&page=18')), (), status=430, headers=<CIMultiDictProxy('Date': 'Wed, 26 Jul 2023 17:30:19 GMT', 'Content-Type': 'text/html', 'Transfer-Encoding': 'chunked', 'Connection': 'keep-alive', 'X-Sorting-Hat-PodId': '166', 'X-Sorting-Hat-ShopId': '28148039815', 'X-Dc': 'gcp-us-east1', 'X-Request-ID': 'a793ed3d-463d-40c0-b292-0a5ae370d78a', 'X-Download-Options': 'noopen', 'X-XSS-Protection': '1; mode=block', 'X-Permitted-Cross-Domain-Policies': 'none', 'X-Content-Type-Options': 'nosniff', 'CF-Cache-Status': 'DYNAMIC', 'Report-To': '{"endpoints":[{"url":"https:\\/\\/a.nel.cloudflare.com\\/report\\/v3?s=jSPfKpptDxmJjzzDNWd8eU%2BJLRPkFJdM4KMOQD8iByS5CsfHrHPrP88QB8OWohAqCDr%2BcvhqF30uYgtxoI%2Bi46zpUIjlhpHBCi1BR3JaPbiYvi79IaTlWt0aBFTLzaFZ4xpc"}],"group":"cf-nel","max_age":604800}', 'NEL': '{"success_fraction":0.01,"report_to":"cf-nel","max_age":604800}', 'Server-Timing': 'cfRequestDuration;dur=21.999836', 'Server': 'cloudflare', 'CF-RAY': '7ece5eaf0fc90719-ATL', 'alt-svc': 'h3=":443"; ma=86400')>)}
{'url': 'https://www.upnorthgames.ca/products.json?limit=250&page=24', 'error': ClientResponseError(RequestInfo(url=URL('https://www.upnorthgames.ca/products.json?limit=250&page=24'), method='GET', headers=<CIMultiDictProxy('Host': 'www.upnorthgames.ca', 'Accept': '*/*', 'Accept-Encoding': 'gzip, deflate', 'User-Agent': 'Python/3.10 aiohttp/3.8.4')>, real_url=URL('https://www.upnorthgames.ca/products.json?limit=250&page=24')), (), status=430, headers=<CIMultiDictProxy('Date': 'Wed, 26 Jul 2023 17:30:22 GMT', 'Content-Type': 'text/html', 'Transfer-Encoding': 'chunked', 'Connection': 'keep-alive', 'X-Sorting-Hat-PodId': '134', 'X-Sorting-Hat-ShopId': '27811381383', 'X-Dc': 'gcp-us-east1', 'X-Request-ID': '89d95ca7-e453-4fb8-94c9-d921a19c7861', 'X-Download-Options': 'noopen', 'X-XSS-Protection': '1; mode=block', 'X-Permitted-Cross-Domain-Policies': 'none', 'X-Content-Type-Options': 'nosniff', 'CF-Cache-Status': 'DYNAMIC', 'Report-To': '{"endpoints":[{"url":"https:\\/\\/a.nel.cloudflare.com\\/report\\/v3?s=ubmvsBhqdn%2B9QWPngRKuo%2BjPhoO65KIMn00HT%2BNmP17MFUslbnJrBAEgz20B9LmLXijUCIaOXhPuyvV8Yvql755kdzfXBWQFN6VlLsfgVk3jEhT%2FhZW2VVY7rmfj88c%2Bw8O7xik%3D"}],"group":"cf-nel","max_age":604800}', 'NEL': '{"success_fraction":0.01,"report_to":"cf-nel","max_age":604800}', 'Server-Timing': 'cfRequestDuration;dur=26.000023', 'Server': 'cloudflare', 'CF-RAY': '7ece5ec44968b0d0-ATL', 'alt-svc': 'h3=":443"; ma=86400')>)}
